rar6741@GOL2620-26 MINGW64 ~/SoftDevI/Unit02/unit02-2221-Arkcius (main)
$ git --version
git version 2.37.1.windows.1

rar6741@GOL2620-26 MINGW64 ~/SoftDevI/Unit02/unit02-2221-Arkcius (main)
$ git status
On branch main
Your branch is up to date with 'origin/main'.

Untracked files:
  (use "git add <file>..." to include in what will be committed)
        about_me.txt
        practicum/

nothing added to commit but untracked files present (use "git add" to track)

rar6741@GOL2620-26 MINGW64 ~/SoftDevI/Unit02/unit02-2221-Arkcius (main)
$ git add about_me.txt
warning: in the working copy of 'about_me.txt', LF will be replaced by CRLF the next time Git touches it

rar6741@GOL2620-26 MINGW64 ~/SoftDevI/Unit02/unit02-2221-Arkcius (main)
$ git add files.txt
fatal: pathspec 'files.txt' did not match any files

rar6741@GOL2620-26 MINGW64 ~/SoftDevI/Unit02/unit02-2221-Arkcius (main)
$ git add practicum/files.txt

rar6741@GOL2620-26 MINGW64 ~/SoftDevI/Unit02/unit02-2221-Arkcius (main)
$ git status
On branch main
Your branch is up to date with 'origin/main'.

Changes to be committed:
  (use "git restore --staged <file>..." to unstage)
        new file:   about_me.txt
        new file:   practicum/files.txt


rar6741@GOL2620-26 MINGW64 ~/SoftDevI/Unit02/unit02-2221-Arkcius (main)
$ git commit -m "initial commit" about_me.txt
warning: in the working copy of 'about_me.txt', LF will be replaced by CRLF the next time Git touches it
[main 0d225d4] initial commit
 Committer: Ryan Robison (RIT Student) <rar6741@rit.edu>
Your name and email address were configured automatically based
on your username and hostname. Please check that they are accurate.
You can suppress this message by setting them explicitly. Run the
following command and follow the instructions in your editor to edit
your configuration file:

    git config --global --edit

After doing this, you may fix the identity used for this commit with:

    git commit --amend --reset-author

 1 file changed, 6 insertions(+)
 create mode 100644 about_me.txt

rar6741@GOL2620-26 MINGW64 ~/SoftDevI/Unit02/unit02-2221-Arkcius (main)
$ git commit -m "initial commit" practicum/files.txt
[main f8d7cb5] initial commit
 Committer: Ryan Robison (RIT Student) <rar6741@rit.edu>
Your name and email address were configured automatically based
on your username and hostname. Please check that they are accurate.
You can suppress this message by setting them explicitly. Run the
following command and follow the instructions in your editor to edit
your configuration file:

    git config --global --edit

After doing this, you may fix the identity used for this commit with:

    git commit --amend --reset-author

 1 file changed, 134 insertions(+)
 create mode 100644 practicum/files.txt

rar6741@GOL2620-26 MINGW64 ~/SoftDevI/Unit02/unit02-2221-Arkcius (main)
$ git push
Enumerating objects: 8, done.
Counting objects: 100% (8/8), done.
Delta compression using up to 8 threads
Compressing objects: 100% (6/6), done.
Writing objects: 100% (7/7), 1.52 KiB | 1.52 MiB/s, done.
Total 7 (delta 1), reused 0 (delta 0), pack-reused 0
remote: Resolving deltas: 100% (1/1), done.
To https://github.com/GCIS123-14/unit02-2221-Arkcius
   4d17b7f..f8d7cb5  main -> main

rar6741@GOL2620-26 MINGW64 ~/SoftDevI/Unit02/unit02-2221-Arkcius (main)
$ rm about_me.txt

rar6741@GOL2620-26 MINGW64 ~/SoftDevI/Unit02/unit02-2221-Arkcius (main)
$ ls -la
total 12
drwxr-xr-x 1 rar6741 1049089    0 Aug 29 08:35 ./
drwxr-xr-x 1 rar6741 1049089    0 Aug 29 08:03 ../
drwxr-xr-x 1 rar6741 1049089    0 Aug 29 08:35 .git/
-rw-r--r-- 1 rar6741 1049089 3084 Aug 29 08:03 mini_practicum_01.txt
drwxr-xr-x 1 rar6741 1049089    0 Aug 29 08:30 practicum/

rar6741@GOL2620-26 MINGW64 ~/SoftDevI/Unit02/unit02-2221-Arkcius (main)
$ cd practicum

